Starting Main Recompiled Execution Loop...
[..] step=0/20000000 PC=0x0100 SP=0xFFFE cycles=0
[..] step=1000000/20000000 PC=0x6322 SP=0xDFE7 cycles=6098424
[HISTORY] last 4096 PCs (oldest first, one per line):
00C1
00C3
00C4
00C5
00C1
00C3
00C4
00C5
00C1
00C3
00C4
00C5
00C1
00C3
00C4
00C5
00C1
00C3
00C4
00C5
00C1
00C3
00C4
00C5
00C1
00C3
00C4
00C5
00C1
00C3
00C4
00C5
00C1
00C3
00C4
00C5
00C1
00C3
00C4
00C5
00C1
00C3
00C4
00C5
00C1
00C3
00C4
00C5
00C1
00C3
00C4
00C5
00C1
00C3
00C4
00C5
00C1
00C3
00C4
00C5
00C1
00C3
00C4
00C5
00C1
00C3
00C4
00C5
00C1
00C3
00C4
00C5
00C1
00C3
00C4
00C5
00C1
00C3
00C4
00C5
00C1
00C3
00C4
00C5
00C1
00C3
00C4
00C5
00C1
00C3
00C4
00C5
00C1
00C3
00C4
00C5
00C1
00C3
00C4
00C5
00C1
00C3
00C4
00C5
00C1
00C3
00C4
00C5
00C1
00C3
00C4
00C5
00C1
00C3
00C4
00C5
00C1
00C3
00C4
00C5
00C1
00C3
00C4
00C5
00C1
00C3
00C4
00C5
00C1
00C3
00C4
00C5
00C1
00C3
00C4
00C5
00C1
00C3
00C4
00C5
00C1
00C3
00C4
00C5
00C1
00C3
00C4
00C5
00C1
00C3
00C4
00C5
00C1
00C3
00C4
00C5
00C1
00C3
00C4
00C5
00C1
00C3
00C4
00C5
00C1
00C3
00C4
00C5
00C1
00C3
00C4
00C5
00C1
00C3
00C4
00C5
00C1
00C3
00C4
00C5
00C1
00C3
00C4
00C5
00C1
00C3
00C4
00C5
00C1
00C3
00C4
00C5
00C1
00C3
00C4
00C5
00C1
00C3
00C4
00C5
00C1
00C3
00C4
00C5
00C1
00C3
00C4
00C5
00C1
00C3
00C4
00C5
00C1
00C3
00C4
00C5
00C1
00C3
00C4
00C5
00C1
00C3
00C4
00C5
00C1
00C3
00C4
00C5
00C1
00C3
00C4
00C5
00C1
00C3
00C4
00C5
00C1
00C3
00C4
00C5
00C1
00C3
00C4
00C5
00C1
00C3
00C4
00C5
00C1
00C3
00C4
00C5
00C1
00C3
00C4
00C5
00C1
00C3
00C4
00C5
00C1
00C3
00C4
00C5
00C1
00C3
00C4
00C5
00C1
00C3
00C4
00C5
00C1
00C3
00C4
00C5
00C1
00C3
00C4
00C5
00C1
00C3
00C4
00C5
00C1
00C3
00C4
00C5
00C1
00C3
00C4
00C5
00C1
00C3
00C4
00C5
00C1
00C3
00C4
00C5
00C1
00C3
00C4
00C5
00C1
00C3
00C4
00C5
00C1
00C3
00C4
00C5
00C1
00C3
00C4
00C5
00C1
00C3
00C4
00C5
00C1
00C3
00C4
00C5
00C1
00C3
00C4
00C5
00C1
00C3
00C4
00C5
00C1
00C3
00C4
00C5
00C1
00C3
00C4
00C5
00C1
00C3
00C4
00C5
00C1
00C3
00C4
00C5
00C1
00C3
00C4
00C5
00C1
00C3
00C4
00C5
00C1
00C3
00C4
00C5
00C1
00C3
00C4
00C5
00C1
00C3
00C4
00C5
00C1
00C3
00C4
00C5
00C1
00C3
00C4
00C5
00C1
00C3
00C4
00C5
00C1
00C3
00C4
00C5
00C1
00C3
00C4
00C5
00C1
00C3
00C4
00C5
00C1
00C3
00C4
00C5
00C1
00C3
00C4
00C5
00C1
00C3
00C4
00C5
00C1
00C3
00C4
00C5
00C1
00C3
00C4
00C5
00C1
00C3
00C4
00C5
00C1
00C3
00C4
00C5
00C1
00C3
00C4
00C5
00C1
00C3
00C4
00C5
00C1
00C3
00C4
00C5
00C1
00C3
00C4
00C5
00C1
00C3
00C4
00C5
00C1
00C3
00C4
00C5
00C1
00C3
00C4
00C5
00C1
00C3
00C4
00C5
00C1
00C3
00C4
00C5
00C1
00C3
00C4
00C5
00C1
00C3
00C4
00C5
00C1
00C3
00C4
00C5
00C1
00C3
00C4
00C5
00C1
00C3
00C4
00C5
00C1
00C3
00C4
00C5
00C1
00C3
00C4
00C5
00C1
00C3
00C4
00C5
00C1
00C3
00C4
00C5
00C1
00C3
00C4
00C5
00C1
00C3
00C4
00C5
00C1
00C3
00C4
00C5
00C1
00C3
00C4
00C5
00C1
00C3
00C4
00C5
00C1
00C3
00C4
00C5
00C1
00C3
00C4
00C5
00C1
00C3
00C4
00C5
00C1
00C3
00C4
00C5
00C1
00C3
00C4
00C5
00C1
00C3
00C4
00C5
00C1
00C3
00C4
00C5
00C1
00C3
00C4
00C5
00C1
00C3
00C4
00C5
00C1
00C3
00C4
00C5
00C1
00C3
00C4
00C5
00C1
00C3
00C4
00C5
00C1
00C3
00C4
00C5
00C1
00C3
00C4
00C5
00C1
00C3
00C4
00C5
00C1
00C3
00C4
00C5
00C1
00C3
00C4
00C5
00C1
00C3
00C4
00C5
00C1
00C3
00C4
00C5
00C1
00C3
00C4
00C5
00C1
00C3
00C4
00C5
00C1
00C3
00C4
00C5
00C1
00C3
00C4
00C5
00C1
00C3
00C4
00C5
00C1
00C3
00C4
00C5
00C1
00C3
00C4
00C5
00C1
00C3
00C4
00C5
00C1
00C3
00C4
00C5
00C1
00C3
00C4
00C5
00C1
00C3
00C4
00C5
00C7
00BD
00BA
00C1
00C3
00C4
00C5
00C1
00C3
00C4
00C5
00C1
00C3
00C4
00C5
00C1
00C3
00C4
00C5
00C1
00C3
00C4
00C5
00C1
00C3
00C4
00C5
00C1
00C3
00C4
00C5
00C1
00C3
00C4
00C5
00C1
00C3
00C4
00C5
00C1
00C3
00C4
00C5
00C1
00C3
00C4
00C5
00C1
00C3
00C4
00C5
00C1
00C3
00C4
00C5
00C1
00C3
00C4
00C5
00C1
00C3
00C4
00C5
00C1
00C3
00C4
00C5
00C1
00C3
00C4
00C5
00C1
00C3
00C4
00C5
00C1
00C3
00C4
00C5
00C1
00C3
00C4
00C5
00C1
00C3
00C4
00C5
00C1
00C3
00C4
00C5
00C1
00C3
00C4
00C5
00C1
00C3
00C4
00C5
00C1
00C3
00C4
00C5
00C1
00C3
00C4
00C5
00C1
00C3
00C4
00C5
00C1
00C3
00C4
00C5
00C1
00C3
00C4
00C5
00C1
00C3
00C4
00C5
00C1
00C3
00C4
00C5
00C1
00C3
00C4
00C5
00C1
00C3
00C4
00C5
00C1
00C3
00C4
00C5
00C1
00C3
00C4
00C5
00C1
00C3
00C4
00C5
00C1
00C3
00C4
00C5
00C1
00C3
00C4
00C5
00C1
00C3
00C4
00C5
00C1
00C3
00C4
00C5
00C1
00C3
00C4
00C5
00C1
00C3
00C4
00C5
00C1
00C3
00C4
00C5
00C1
00C3
00C4
00C5
00C1
00C3
00C4
00C5
00C1
00C3
00C4
00C5
00C1
00C3
00C4
00C5
00C1
00C3
00C4
00C5
00C1
00C3
00C4
00C5
00C1
00C3
00C4
00C5
00C1
00C3
00C4
00C5
00C1
00C3
00C4
00C5
00C1
00C3
00C4
00C5
00C1
00C3
00C4
00C5
00C1
00C3
00C4
00C5
00C1
00C3
00C4
00C5
00C1
00C3
00C4
00C5
00C1
00C3
00C4
00C5
00C1
00C3
00C4
00C5
00C1
00C3
00C4
00C5
00C1
00C3
00C4
00C5
00C1
00C3
00C4
00C5
00C1
00C3
00C4
00C5
00C1
00C3
00C4
00C5
00C1
00C3
00C4
00C5
00C1
00C3
00C4
00C5
00C1
00C3
00C4
00C5
00C1
00C3
00C4
00C5
00C1
00C3
00C4
00C5
00C1
00C3
00C4
00C5
00C1
00C3
00C4
00C5
00C1
00C3
00C4
00C5
00C1
00C3
00C4
00C5
00C1
00C3
00C4
00C5
00C1
00C3
00C4
00C5
00C1
00C3
00C4
00C5
00C1
00C3
00C4
00C5
00C1
00C3
00C4
00C5
00C1
00C3
00C4
00C5
00C1
00C3
00C4
00C5
00C1
00C3
00C4
00C5
00C1
00C3
00C4
00C5
00C1
00C3
00C4
00C5
00C1
00C3
00C4
00C5
00C1
00C3
00C4
00C5
00C1
00C3
00C4
00C5
00C1
00C3
00C4
00C5
00C1
00C3
00C4
00C5
00C1
00C3
00C4
00C5
00C1
00C3
00C4
00C5
00C1
00C3
00C4
00C5
00C1
00C3
00C4
00C5
00C1
00C3
00C4
00C5
00C1
00C3
00C4
00C5
00C1
00C3
00C4
00C5
00C1
00C3
00C4
00C5
00C1
00C3
00C4
00C5
00C1
00C3
00C4
00C5
00C1
00C3
00C4
00C5
00C1
00C3
00C4
00C5
00C1
00C3
00C4
00C5
00C1
00C3
00C4
00C5
00C1
00C3
00C4
00C5
00C1
00C3
00C4
00C5
00C1
00C3
00C4
00C5
00C1
00C3
00C4
00C5
00C1
00C3
00C4
00C5
00C1
00C3
00C4
00C5
00C1
00C3
00C4
00C5
00C1
00C3
00C4
00C5
00C1
00C3
00C4
00C5
00C1
00C3
00C4
00C5
00C1
00C3
00C4
00C5
00C1
00C3
00C4
00C5
00C1
00C3
00C4
00C5
00C1
00C3
00C4
00C5
00C1
00C3
00C4
00C5
00C1
00C3
00C4
00C5
00C1
00C3
00C4
00C5
00C1
00C3
00C4
00C5
00C1
00C3
00C4
00C5
00C1
00C3
00C4
00C5
00C1
00C3
00C4
00C5
00C1
00C3
00C4
00C5
00C1
00C3
00C4
00C5
00C1
00C3
00C4
00C5
00C1
00C3
00C4
00C5
00C1
00C3
00C4
00C5
00C1
00C3
00C4
00C5
00C1
00C3
00C4
00C5
00C1
00C3
00C4
00C5
00C1
00C3
00C4
00C5
00C1
00C3
00C4
00C5
00C1
00C3
00C4
00C5
00C1
00C3
00C4
00C5
00C1
00C3
00C4
00C5
00C1
00C3
00C4
00C5
00C1
00C3
00C4
00C5
00C1
00C3
00C4
00C5
00C1
00C3
00C4
00C5
00C1
00C3
00C4
00C5
00C1
00C3
00C4
00C5
00C1
00C3
00C4
00C5
00C1
00C3
00C4
00C5
00C1
00C3
00C4
00C5
00C1
00C3
00C4
00C5
00C1
00C3
00C4
00C5
00C1
00C3
00C4
00C5
00C1
00C3
00C4
00C5
00C1
00C3
00C4
00C5
00C1
00C3
00C4
00C5
00C1
00C3
00C4
00C5
00C1
00C3
00C4
00C5
00C1
00C3
00C4
00C5
00C1
00C3
00C4
00C5
00C1
00C3
00C4
00C5
00C1
00C3
00C4
00C5
00C1
00C3
00C4
00C5
00C1
00C3
00C4
00C5
00C1
00C3
00C4
00C5
00C1
00C3
00C4
00C5
00C1
00C3
00C4
00C5
00C1
00C3
00C4
00C5
00C1
00C3
00C4
00C5
00C1
00C3
00C4
00C5
00C1
00C3
00C4
00C5
00C1
00C3
00C4
00C5
00C1
00C3
00C4
00C5
00C1
00C3
00C4
00C5
00C1
00C3
00C4
00C5
00C1
00C3
00C4
00C5
00C1
00C3
00C4
00C5
00C1
00C3
00C4
00C5
00C1
00C3
00C4
00C5
00C1
00C3
00C4
00C5
00C1
00C3
00C4
00C5
00C1
00C3
00C4
00C5
00C1
00C3
00C4
00C5
00C1
00C3
00C4
00C5
00C1
00C3
00C4
00C5
00C1
00C3
00C4
00C5
00C1
00C3
00C4
00C5
00C1
00C3
00C4
00C5
00C1
00C3
00C4
00C5
00C1
00C3
00C4
00C5
00C1
00C3
00C4
00C5
00C1
00C3
00C4
00C5
00C1
00C3
00C4
00C5
00C1
00C3
00C4
00C5
00C1
00C3
00C4
00C5
00C1
00C3
00C4
00C5
00C1
00C3
00C4
00C5
00C1
00C3
00C4
00C5
00C1
00C3
00C4
00C5
00C1
00C3
00C4
00C5
00C1
00C3
00C4
00C5
00C1
00C3
00C4
00C5
00C1
00C3
00C4
00C5
00C1
00C3
00C4
00C5
00C1
00C3
00C4
00C5
00C1
00C3
00C4
00C5
00C1
00C3
00C4
00C5
00C1
00C3
00C4
00C5
00C1
00C3
00C4
00C5
00C1
00C3
00C4
00C5
00C1
00C3
00C4
00C5
00C1
00C3
00C4
00C5
00C1
00C3
00C4
00C5
00C1
00C3
00C4
00C5
00C1
00C3
00C4
00C5
00C1
00C3
00C4
00C5
00C1
00C3
00C4
00C5
00C1
00C3
00C4
00C5
00C1
00C3
00C4
00C5
00C1
00C3
00C4
00C5
00C1
00C3
00C4
00C5
00C1
00C3
00C4
00C5
00C1
00C3
00C4
00C5
00C1
00C3
00C4
00C5
00C1
00C3
00C4
00C5
00C1
00C3
00C4
00C5
00C1
00C3
00C4
00C5
00C1
00C3
00C4
00C5
00C1
00C3
00C4
00C5
00C1
00C3
00C4
00C5
00C1
00C3
00C4
00C5
00C1
00C3
00C4
00C5
00C1
00C3
00C4
00C5
00C1
00C3
00C4
00C5
00C1
00C3
00C4
00C5
00C1
00C3
00C4
00C5
00C1
00C3
00C4
00C5
00C1
00C3
00C4
00C5
00C1
00C3
00C4
00C5
00C1
00C3
00C4
00C5
00C1
00C3
00C4
00C5
00C1
00C3
00C4
00C5
00C1
00C3
00C4
00C5
00C1
00C3
00C4
00C5
00C1
00C3
00C4
00C5
00C1
00C3
00C4
00C5
00C1
00C3
00C4
00C5
00C1
00C3
00C4
00C5
00C1
00C3
00C4
00C5
00C1
00C3
00C4
00C5
00C1
00C3
00C4
00C5
00C1
00C3
00C4
00C5
00C1
00C3
00C4
00C5
00C1
00C3
00C4
00C5
00C1
00C3
00C4
00C5
00C1
00C3
00C4
00C5
00C1
00C3
00C4
00C5
00C1
00C3
00C4
00C5
00C1
00C3
00C4
00C5
00C1
00C3
00C4
00C5
00C1
00C3
00C4
00C5
00C7
00BD
00BA
00C1
00C3
00C4
00C5
00C1
00C3
00C4
00C5
00C1
00C3
00C4
00C5
00C1
00C3
00C4
00C5
00C1
00C3
00C4
00C5
00C1
00C3
00C4
00C5
00C1
00C3
00C4
00C5
00C1
00C3
00C4
00C5
00C1
00C3
00C4
00C5
00C1
00C3
00C4
00C5
00C1
00C3
00C4
00C5
00C1
00C3
00C4
00C5
00C1
00C3
00C4
00C5
00C1
00C3
00C4
00C5
00C1
00C3
00C4
00C5
00C1
00C3
00C4
00C5
00C1
00C3
00C4
00C5
00C1
00C3
00C4
00C5
00C1
00C3
00C4
00C5
00C1
00C3
00C4
00C5
00C1
00C3
00C4
00C5
00C1
00C3
00C4
00C5
00C1
00C3
00C4
00C5
00C1
00C3
00C4
00C5
00C1
00C3
00C4
00C5
00C1
00C3
00C4
00C5
00C1
00C3
00C4
00C5
00C1
00C3
00C4
00C5
00C1
00C3
00C4
00C5
00C1
00C3
00C4
00C5
00C1
00C3
00C4
00C5
00C1
00C3
00C4
00C5
00C1
00C3
00C4
00C5
00C1
00C3
00C4
00C5
00C1
00C3
00C4
00C5
00C1
00C3
00C4
00C5
00C1
00C3
00C4
00C5
00C1
00C3
00C4
00C5
00C1
00C3
00C4
00C5
00C1
00C3
00C4
00C5
00C1
00C3
00C4
00C5
00C1
00C3
00C4
00C5
00C1
00C3
00C4
00C5
00C1
00C3
00C4
00C5
00C1
00C3
00C4
00C5
00C1
00C3
00C4
00C5
00C1
00C3
00C4
00C5
00C1
00C3
00C4
00C5
00C1
00C3
00C4
00C5
00C1
00C3
00C4
00C5
00C1
00C3
00C4
00C5
00C1
00C3
00C4
00C5
00C1
00C3
00C4
00C5
00C1
00C3
00C4
00C5
00C1
00C3
00C4
00C5
00C1
00C3
00C4
00C5
00C1
00C3
00C4
00C5
00C1
00C3
00C4
00C5
00C1
00C3
00C4
00C5
00C1
00C3
00C4
00C5
00C1
00C3
00C4
00C5
00C1
00C3
00C4
00C5
00C1
00C3
00C4
00C5
00C1
00C3
00C4
00C5
00C1
00C3
00C4
00C5
00C1
00C3
00C4
00C5
00C1
00C3
00C4
00C5
00C1
00C3
00C4
00C5
00C1
00C3
00C4
00C5
00C1
00C3
00C4
00C5
00C1
00C3
00C4
00C5
00C1
00C3
00C4
00C5
00C1
00C3
00C4
00C5
00C1
00C3
00C4
00C5
00C1
00C3
00C4
00C5
00C1
00C3
00C4
00C5
00C1
00C3
00C4
00C5
00C1
00C3
00C4
00C5
00C1
00C3
00C4
00C5
00C1
00C3
00C4
00C5
00C1
00C3
00C4
00C5
00C1
00C3
00C4
00C5
00C1
00C3
00C4
00C5
00C1
00C3
00C4
00C5
00C1
00C3
00C4
00C5
00C1
00C3
00C4
00C5
00C1
00C3
00C4
00C5
00C1
00C3
00C4
00C5
00C1
00C3
00C4
00C5
00C1
00C3
00C4
00C5
00C1
00C3
00C4
00C5
00C1
00C3
00C4
00C5
00C1
00C3
00C4
00C5
00C1
00C3
00C4
00C5
00C1
00C3
00C4
00C5
00C1
00C3
00C4
00C5
00C1
00C3
00C4
00C5
00C1
00C3
00C4
00C5
00C1
00C3
00C4
00C5
00C1
00C3
00C4
00C5
00C1
00C3
00C4
00C5
00C1
00C3
00C4
00C5
00C1
00C3
00C4
00C5
00C1
00C3
00C4
00C5
00C1
00C3
00C4
00C5
00C1
00C3
00C4
00C5
00C1
00C3
00C4
00C5
00C1
00C3
00C4
00C5
00C1
00C3
00C4
00C5
00C1
00C3
00C4
00C5
00C1
00C3
00C4
00C5
00C1
00C3
00C4
00C5
00C1
00C3
00C4
00C5
00C1
00C3
00C4
00C5
00C1
00C3
00C4
00C5
00C1
00C3
00C4
00C5
00C1
00C3
00C4
00C5
00C1
00C3
00C4
00C5
00C1
00C3
00C4
00C5
00C1
00C3
00C4
00C5
00C1
00C3
00C4
00C5
00C1
00C3
00C4
00C5
00C1
00C3
00C4
00C5
00C1
00C3
00C4
00C5
00C1
00C3
00C4
00C5
00C1
00C3
00C4
00C5
00C1
00C3
00C4
00C5
00C1
00C3
00C4
00C5
00C1
00C3
00C4
00C5
00C1
00C3
00C4
00C5
00C1
00C3
00C4
00C5
00C1
00C3
00C4
00C5
00C1
00C3
00C4
00C5
00C1
00C3
00C4
00C5
00C1
00C3
00C4
00C5
00C1
00C3
00C4
00C5
00C1
00C3
00C4
00C5
00C1
00C3
00C4
00C5
00C1
00C3
00C4
00C5
00C1
00C3
00C4
00C5
00C1
00C3
00C4
00C5
00C1
00C3
00C4
00C5
00C1
00C3
00C4
00C5
00C1
00C3
00C4
00C5
00C1
00C3
00C4
00C5
00C1
00C3
00C4
00C5
00C1
00C3
00C4
00C5
00C1
00C3
00C4
00C5
00C1
00C3
00C4
00C5
00C1
00C3
00C4
00C5
00C1
00C3
00C4
00C5
00C1
00C3
00C4
00C5
00C1
00C3
00C4
00C5
00C1
00C3
00C4
00C5
00C1
00C3
00C4
00C5
00C1
00C3
00C4
00C5
00C1
00C3
00C4
00C5
00C1
00C3
00C4
00C5
00C1
00C3
00C4
00C5
00C1
00C3
00C4
00C5
00C1
00C3
00C4
00C5
00C1
00C3
00C4
00C5
00C1
00C3
00C4
00C5
00C1
00C3
00C4
00C5
00C1
00C3
00C4
00C5
00C1
00C3
00C4
00C5
00C1
00C3
00C4
00C5
00C1
00C3
00C4
00C5
00C1
00C3
00C4
00C5
00C1
00C3
00C4
00C5
00C1
00C3
00C4
00C5
00C1
00C3
00C4
00C5
00C1
00C3
00C4
00C5
00C1
00C3
00C4
00C5
00C1
00C3
00C4
00C5
00C1
00C3
00C4
00C5
00C1
00C3
00C4
00C5
00C1
00C3
00C4
00C5
00C1
00C3
00C4
00C5
00C1
00C3
00C4
00C5
00C1
00C3
00C4
00C5
00C1
00C3
00C4
00C5
00C1
00C3
00C4
00C5
00C1
00C3
00C4
00C5
00C1
00C3
00C4
00C5
00C1
00C3
00C4
00C5
00C1
00C3
00C4
00C5
00C1
00C3
00C4
00C5
00C1
00C3
00C4
00C5
00C1
00C3
00C4
00C5
00C1
00C3
00C4
00C5
00C1
00C3
00C4
00C5
00C1
00C3
00C4
00C5
00C1
00C3
00C4
00C5
00C1
00C3
00C4
00C5
00C1
00C3
00C4
00C5
00C1
00C3
00C4
00C5
00C1
00C3
00C4
00C5
00C1
00C3
00C4
00C5
00C1
00C3
00C4
00C5
00C1
00C3
00C4
00C5
00C1
00C3
00C4
00C5
00C1
00C3
00C4
00C5
00C1
00C3
00C4
00C5
00C1
00C3
00C4
00C5
00C1
00C3
00C4
00C5
00C1
00C3
00C4
00C5
00C1
00C3
00C4
00C5
00C1
00C3
00C4
00C5
00C1
00C3
00C4
00C5
00C1
00C3
00C4
00C5
00C1
00C3
00C4
00C5
00C1
00C3
00C4
00C5
00C1
00C3
00C4
00C5
00C1
00C3
00C4
00C5
00C1
00C3
00C4
00C5
00C1
00C3
00C4
00C5
00C1
00C3
00C4
00C5
00C1
00C3
00C4
00C5
00C1
00C3
00C4
00C5
00C1
00C3
00C4
00C5
00C1
00C3
00C4
00C5
00C1
00C3
00C4
00C5
00C1
00C3
00C4
00C5
00C1
00C3
00C4
00C5
00C1
00C3
00C4
00C5
00C1
00C3
00C4
00C5
00C1
00C3
00C4
00C5
00C1
00C3
00C4
00C5
00C1
00C3
00C4
00C5
00C1
00C3
00C4
00C5
00C1
00C3
00C4
00C5
00C1
00C3
00C4
00C5
00C1
00C3
00C4
00C5
00C1
00C3
00C4
00C5
00C1
00C3
00C4
00C5
00C1
00C3
00C4
00C5
00C1
00C3
00C4
00C5
00C1
00C3
00C4
00C5
00C1
00C3
00C4
00C5
00C1
00C3
00C4
00C5
00C1
00C3
00C4
00C5
00C1
00C3
00C4
00C5
00C1
00C3
00C4
00C5
00C1
00C3
00C4
00C5
00C1
00C3
00C4
00C5
00C1
00C3
00C4
00C5
00C1
00C3
00C4
00C5
00C1
00C3
00C4
00C5
00C1
00C3
00C4
00C5
00C1
00C3
00C4
00C5
00C1
00C3
00C4
00C5
00C1
00C3
00C4
00C5
00C1
00C3
00C4
00C5
00C1
00C3
00C4
00C5
00C1
00C3
00C4
00C5
00C7
03FE
03FF
0401
3EB4
3EB7
3EB9
3EBC
3EBD
3EBF
3EC1
3EC4
67ED
67EE
67F1
67F2
67F5
67F8
67F9
67FA
67FB
67FC
67FD
67FE
67FF
6802
6805
6808
6809
680A
680B
680C
680F
6810
6811
6812
6813
6816
6817
6818
6819
681A
681B
681C
3EC7
3ECA
3E7E
3ECD
3ED0
3ED1
43DE
43E1
43E2
43E5
43E8
43EA
43ED
43F0
43F2
43F5
43F8
43F9
43FC
4684
4687
4688
4689
468C
468D
43FF
44C7
44CA
44CB
44DE
44E1
44E2
44E4
44E6
44EA
44EB
44EC
44EE
4402
4405
4407
44A6
44A8
3EB4
3EB7
3EB9
3EBC
3EBD
3EBF
3EC1
3EC4
67ED
67EE
67F1
67F2
67F5
67F8
67F9
67FA
67FB
67FC
67FD
67FE
67FF
6802
6805
6808
6809
680A
680B
680C
680F
6810
6811
6812
6813
6816
6817
6818
6819
681A
681B
681C
3EC7
3ECA
3E7E
3ECD
3ED0
3ED1
4AE8
4AEB
4AEC
4AED
4AF0
4AF3
4AF4
4AF5
4AF6
4AF7
4AF8
4AF3
4AF4
4AF5
4AF6
4AF7
4AF8
4AF3
4AF4
4AF5
4AF6
4AF7
4AF8
4AF3
4AF4
4AF5
4AF6
4AF7
4AF8
4AF3
4AF4
4AF5
4AF6
4AF7
4AF8
4AF3
4AF4
4AF5
4AF6
4AF7
4AF8
4AF3
4AF4
4AF5
4AF6
4AF7
4AF8
4AF3
4AF4
4AF5
4AF6
4AF7
4AF8
4AF3
4AF4
4AF5
4AF6
4AF7
4AF8
4AF3
4AF4
4AF5
4AF6
4AF7
4AF8
4AF3
4AF4
4AF5
4AF6
4AF7
4AF8
4AF3
4AF4
4AF5
4AF6
4AF7
4AF8
4AF3
4AF4
4AF5
4AF6
4AF7
4AF8
4AF3
4AF4
4AF5
4AF6
4AF7
4AF8
4AF3
4AF4
4AF5
4AF6
4AF7
4AF8
4AF3
4AF4
4AF5
4AF6
4AF7
4AF8
4AF3
4AF4
4AF5
4AF6
4AF7
4AF8
4AF3
4AF4
4AF5
4AF6
4AF7
4AF8
4AF3
4AF4
4AF5
4AF6
4AF7
4AF8
4AF3
4AF4
4AF5
4AF6
4AF7
4AF8
4AF3
4AF4
4AF5
4AF6
4AF7
4AF8
4AF3
4AF4
4AF5
4AF6
4AF7
4AF8
4AF3
4AF4
4AF5
4AF6
4AF7
4AF8
4AF3
4AF4
4AF5
4AF6
4AF7
4AF8
4AF3
4AF4
4AF5
4AF6
4AF7
4AF8
4AF3
4AF4
4AF5
4AF6
4AF7
4AF8
4AF3
4AF4
4AF5
4AF6
4AF7
4AF8
4AF3
4AF4
4AF5
4AF6
4AF7
4AF8
4AF3
4AF4
4AF5
4AF6
4AF7
4AF8
4AF3
4AF4
4AF5
4AF6
4AF7
4AF8
4AF3
4AF4
4AF5
4AF6
4AF7
4AF8
4AF3
4AF4
4AF5
4AF6
4AF7
4AF8
4AF3
4AF4
4AF5
4AF6
4AF7
4AF8
4AF3
4AF4
4AF5
4AF6
4AF7
4AF8
4AF3
4AF4
4AF5
4AF6
4AF7
4AF8
4AF3
4AF4
4AF5
4AF6
4AF7
4AF8
4AF3
4AF4
4AF5
4AF6
4AF7
4AF8
4AF3
4AF4
4AF5
4AF6
4AF7
4AF8
4AF3
4AF4
4AF5
4AF6
4AF7
4AF8
4AF3
4AF4
4AF5
4AF6
4AF7
4AF8
4AF3
4AF4
4AF5
4AF6
4AF7
4AF8
4AF3
4AF4
4AF5
4AF6
4AF7
4AF8
4AF3
4AF4
4AF5
4AF6
4AF7
4AF8
4AF3
4AF4
4AF5
4AF6
4AF7
4AF8
4AF3
4AF4
4AF5
4AF6
4AF7
4AF8
4AF3
4AF4
4AF5
4AF6
4AF7
4AF8
4AF3
4AF4
4AF5
4AF6
4AF7
4AF8
4AF3
4AF4
4AF5
4AF6
4AF7
4AF8
4AF3
4AF4
4AF5
4AF6
4AF7
4AF8
4AF3
4AF4
4AF5
4AF6
4AF7
4AF8
4AF3
4AF4
4AF5
4AF6
4AF7
4AF8
4AF3
4AF4
4AF5
4AF6
4AF7
4AF8
4AF3
4AF4
4AF5
4AF6
4AF7
4AF8
4AF3
4AF4
4AF5
4AF6
4AF7
4AF8
4AF3
4AF4
4AF5
4AF6
4AF7
4AF8
4AF3
4AF4
4AF5
4AF6
4AF7
4AF8
4AF3
4AF4
4AF5
4AF6
4AF7
4AF8
4AF3
4AF4
4AF5
4AF6
4AF7
4AF8
4AF3
4AF4
4AF5
4AF6
4AF7
4AF8
4AF3
4AF4
4AF5
4AF6
4AF7
4AF8
4AF3
4AF4
4AF5
4AF6
4AF7
4AF8
4AF3
4AF4
4AF5
4AF6
4AF7
4AF8
4AF3
4AF4
4AF5
4AF6
4AF7
4AF8
4AF3
4AF4
4AF5
4AF6
4AF7
4AF8
4AF3
4AF4
4AF5
4AF6
4AF7
4AF8
4AF3
4AF4
4AF5
4AF6
4AF7
4AF8
4AF3
4AF4
4AF5
4AF6
4AF7
4AF8
4AF3
4AF4
4AF5
4AF6
4AF7
4AF8
4AF3
4AF4
4AF5
4AF6
4AF7
4AF8
4AF3
4AF4
4AF5
4AF6
4AF7
4AF8
4AF3
4AF4
4AF5
4AF6
4AF7
4AF8
4AF3
4AF4
4AF5
4AF6
4AF7
4AF8
4AF3
4AF4
4AF5
4AF6
4AF7
4AF8
4AF3
4AF4
4AF5
4AF6
4AF7
4AF8
4AF3
4AF4
4AF5
4AF6
4AF7
4AF8
4AF3
4AF4
4AF5
4AF6
4AF7
4AF8
4AF3
4AF4
4AF5
4AF6
4AF7
4AF8
4AF3
4AF4
4AF5
4AF6
4AF7
4AF8
4AF3
4AF4
4AF5
4AF6
4AF7
4AF8
4AF3
4AF4
4AF5
4AF6
4AF7
4AF8
4AF3
4AF4
4AF5
4AF6
4AF7
4AF8
4AF3
4AF4
4AF5
4AF6
4AF7
4AF8
4AF3
4AF4
4AF5
4AF6
4AF7
4AF8
4AF3
4AF4
4AF5
4AF6
4AF7
4AF8
4AF3
4AF4
4AF5
4AF6
4AF7
4AF8
4AF3
4AF4
4AF5
4AF6
4AF7
4AF8
4AF3
4AF4
4AF5
4AF6
4AF7
4AF8
4AF3
4AF4
4AF5
4AF6
4AF7
4AF8
4AF3
4AF4
4AF5
4AF6
4AF7
4AF8
4AF3
4AF4
4AF5
4AF6
4AF7
4AF8
4AF3
4AF4
4AF5
4AF6
4AF7
4AF8
4AF3
4AF4
4AF5
4AF6
4AF7
4AF8
4AF3
4AF4
4AF5
4AF6
4AF7
4AF8
4AF3
4AF4
4AF5
4AF6
4AF7
4AF8
4AF3
4AF4
4AF5
4AF6
4AF7
4AF8
4AF3
4AF4
4AF5
4AF6
4AF7
4AF8
4AF3
4AF4
4AF5
4AF6
4AF7
4AF8
4AF3
4AF4
4AF5
4AF6
4AF7
4AF8
4AF3
4AF4
4AF5
4AF6
4AF7
4AF8
4AF3
4AF4
4AF5
4AF6
4AF7
4AF8
4AF3
4AF4
4AF5
4AF6
4AF7
4AF8
4AF3
4AF4
4AF5
4AF6
4AF7
4AF8
4AF3
4AF4
4AF5
4AF6
4AF7
4AF8
4AF3
4AF4
4AF5
4AF6
4AF7
4AF8
4AF3
4AF4
4AF5
4AF6
4AF7
4AF8
4AF3
4AF4
4AF5
4AF6
4AF7
4AF8
4AF3
4AF4
4AF5
4AF6
4AF7
4AF8
4AF3
4AF4
4AF5
4AF6
4AF7
4AF8
4AF3
4AF4
4AF5
4AF6
4AF7
4AF8
4AF3
4AF4
4AF5
4AF6
4AF7
4AF8
4AF3
4AF4
4AF5
4AF6
4AF7
4AF8
4AF3
4AF4
4AF5
4AF6
4AF7
4AF8
4AF3
4AF4
4AF5
4AF6
4AF7
4AF8
4AF3
4AF4
4AF5
4AF6
4AF7
4AF8
4AF3
4AF4
4AF5
4AF6
4AF7
4AF8
4AF3
4AF4
4AF5
4AF6
4AF7
4AF8
4AF3
4AF4
4AF5
4AF6
4AF7
4AF8
4AF3
4AF4
4AF5
4AF6
4AF7
4AF8
4AF3
4AF4
4AF5
4AF6
4AF7
4AF8
4AF3
4AF4
4AF5
4AF6
4AF7
4AF8
4AF3
4AF4
4AF5
4AF6
4AF7
4AF8
4AF3
4AF4
4AF5
4AF6
4AF7
4AF8
4AF3
4AF4
4AF5
4AF6
4AF7
4AF8
4AF3
4AF4
4AF5
4AF6
4AF7
4AF8
4AF3
4AF4
4AF5
4AF6
4AF7
4AF8
4AF3
4AF4
4AF5
4AF6
4AF7
4AF8
4AF3
4AF4
4AF5
4AF6
4AF7
4AF8
4AF3
4AF4
4AF5
4AF6
4AF7
4AF8
4AF3
4AF4
4AF5
4AF6
4AF7
4AF8
4AF3
4AF4
4AF5
4AF6
4AF7
4AF8
4AF3
4AF4
4AF5
4AF6
4AF7
4AF8
4AF3
4AF4
4AF5
4AF6
4AF7
4AF8
4AF3
4AF4
4AF5
4AF6
4AF7
4AF8
4AF3
4AF4
4AF5
4AF6
4AF7
4AF8
4AF3
4AF4
4AF5
4AF6
4AF7
4AF8
4AF3
4AF4
4AF5
4AF6
4AF7
4AF8
4AF3
4AF4
4AF5
4AF6
4AF7
4AF8
4AF3
4AF4
4AF5
4AF6
4AF7
4AF8
4AF3
4AF4
4AF5
4AF6
4AF7
4AF8
4AF3
4AF4
4AF5
4AF6
4AF7
4AF8
4AF3
4AF4
4AF5
4AF6
4AF7
4AF8
4AF3
4AF4
4AF5
4AF6
4AF7
4AF8
4AF3
4AF4
4AF5
4AF6
4AF7
4AF8
4AF3
4AF4
4AF5
4AF6
4AF7
4AF8
4AF3
4AF4
4AF5
4AF6
4AF7
4AF8
4AF3
4AF4
4AF5
4AF6
4AF7
4AF8
4AF3
4AF4
4AF5
4AF6
4AF7
4AF8
4AF3
4AF4
4AF5
4AF6
4AF7
4AF8
4AF3
4AF4
4AF5
4AF6
4AF7
4AF8
4AF3
4AF4
4AF5
4AF6
4AF7
4AF8
4AF3
4AF4
4AF5
4AF6
4AF7
4AF8
4AF3
4AF4
4AF5
4AF6
4AF7
4AF8
4AF3
4AF4
4AF5
4AF6
4AF7
4AF8
4AF3
4AF4
4AF5
4AF6
4AF7
4AF8
4AF3
4AF4
4AF5
4AF6
4AF7
4AF8
4AF3
4AF4
4AF5
4AF6
4AF7
4AF8
4AF3
4AF4
4AF5
4AF6
4AF7
4AF8
4AF3
4AF4
4AF5
4AF6
4AF7
4AF8
4AF3
4AF4
4AF5
4AF6
4AF7
4AF8
4AF3
4AF4
4AF5
4AF6
4AF7
4AF8
4AF3
4AF4
4AF5
4AF6
4AF7
4AF8
4AF3
4AF4
4AF5
4AF6
4AF7
4AF8
4AF3
4AF4
4AF5
4AF6
4AF7
4AF8
4AF3
4AF4
4AF5
4AF6
4AF7
4AF8
4AF3
4AF4
4AF5
4AF6
4AF7
4AF8
4AF3
4AF4
4AF5
4AF6
4AF7
4AF8
4AF3
4AF4
4AF5
4AF6
4AF7
4AF8
4AF3
4AF4
4AF5
4AF6
4AF7
4AF8
4AF3
4AF4
4AF5
4AF6
4AF7
4AF8
4AF3
4AF4
4AF5
4AF6
4AF7
4AF8
4AF3
4AF4
4AF5
4AF6
4AF7
4AF8
4AF3
4AF4
4AF5
4AF6
4AF7
4AF8
4AF3
4AF4
4AF5
4AF6
4AF7
4AF8
4AF3
4AF4
4AF5
4AF6
4AF7
4AF8
4AF3
4AF4
4AF5
4AF6
4AF7
4AF8
4AF3
4AF4
4AF5
4AF6
4AF7
4AF8
4AF3
4AF4
4AF5
4AF6
4AF7
4AF8
4AF3
4AF4
4AF5
4AF6
4AF7
4AF8
4AF3
4AF4
4AF5
4AF6
4AF7
4AF8
4AF3
4AF4
4AF5
4AF6
4AF7
4AF8
4AF3
4AF4
4AF5
4AF6
4AF7
4AF8
4AF3
4AF4
4AF5
4AF6
4AF7
4AF8
4AF3
4AF4
4AF5
4AF6
4AF7
4AF8
4AF3
4AF4
4AF5
4AF6
4AF7
4AF8
4AF3
4AF4
4AF5
4AF6
4AF7
4AF8
4AF3
4AF4
4AF5
4AF6
4AF7
4AF8
4AF3
4AF4
4AF5
4AF6
4AF7
4AF8
4AF3
4AF4
4AF5
4AF6
4AF7
4AF8
4AF3
4AF4
4AF5
4AF6
4AF7
4AF8
4AF3
4AF4
4AF5
4AF6
4AF7
4AF8
4AF3
4AF4
4AF5
4AF6
4AF7
4AF8
4AF3
4AF4
4AF5
4AF6
4AF7
4AF8
4AF3
4AF4
4AF5
4AF6
4AF7
4AF8
4AF3
4AF4
4AF5
4AF6
4AF7
4AF8
4AF3
4AF4
4AF5
4AF6
4AF7
4AF8
4AF3
4AF4
4AF5
4AF6
4AF7
4AF8
4AF3
4AF4
4AF5
4AF6
4AF7
4AF8
4AF3
4AF4
4AF5
4AF6
4AF7
4AF8
4AFA
4AFB
3ED2
3ED3
3E7E
3ED6
44AB
44AC
44AD
44C2
44C3
44C6
3ED2
3ED3
3E7E
3ED6
0404
0407
0408
040B
0480
0483
0485
0487
309D
30A0
30A1
30A2
30A5
30A7
30A8
30AB
30AD
048A
048C
048F
0491
0493
0495
0498
3E84
3E98
5FF2
5FF4
5FE4
5FE5
5FE8
5FE9
5FEC
5FEE
5FF1
3E90
040E
0411
0413
04BD
04C0
04C1
04C4
04C6
04C9
04CA
04CD
04CE
04D1
04D2
04D5
04D6
04D7
04D9
04DA
04DB
04DD
04DE
04DF
04E2
04E4
04E6
04E9
3E84
3E98
41E6
0008
0038
[..] step=2000000/20000000 PC=0x0038 SP=0x1A41 cycles=20590600
[..] step=3000000/20000000 PC=0x0038 SP=0x95C1 cycles=36590600
[..] step=4000000/20000000 PC=0x0038 SP=0x1141 cycles=52590600
[..] step=5000000/20000000 PC=0x0038 SP=0x8CC1 cycles=68590600
[..] step=6000000/20000000 PC=0x0038 SP=0x0841 cycles=84590600
[..] step=7000000/20000000 PC=0x0038 SP=0x83C1 cycles=100590600
[..] step=8000000/20000000 PC=0x0038 SP=0xFF41 cycles=116590600
[..] step=9000000/20000000 PC=0x0038 SP=0x7AC1 cycles=132590600
[..] step=10000000/20000000 PC=0x0038 SP=0xF641 cycles=148590600
[..] step=11000000/20000000 PC=0x0038 SP=0x71C1 cycles=164590600
[..] step=12000000/20000000 PC=0x0038 SP=0xED41 cycles=180590600
[..] step=13000000/20000000 PC=0x0038 SP=0x68C1 cycles=196590600
[..] step=14000000/20000000 PC=0x0038 SP=0xE441 cycles=212590600
[..] step=15000000/20000000 PC=0x0038 SP=0x5FC1 cycles=228590600
[..] step=16000000/20000000 PC=0x0038 SP=0xDB41 cycles=244590600
[..] step=17000000/20000000 PC=0x0038 SP=0x56C1 cycles=260590600
[..] step=18000000/20000000 PC=0x0038 SP=0xD241 cycles=276590600
[..] step=19000000/20000000 PC=0x0038 SP=0x4DC1 cycles=292590600

CPU State post-execution:
PC: 0x0038
A:  0x00 | F: 0xA0 (Z:1 N:0 H:1 C:0)
BC: 0x0081 | DE: 0x0000 | HL: 0xDFBF
SP: 0xC941
Cycles elapsed: 308590600
